// Jest Snapshot v1, https://goo.gl/fbAQLP

exports[`ObjectSchema denormalization denormalizes an object 1`] = `
Object {
  "user": Object {
    "id": 1,
    "name": "Nacho",
  },
}
`;

exports[`ObjectSchema denormalization denormalizes an object 2`] = `
Object {
  "user": Immutable.Map {
    "id": 1,
    "name": "Nacho",
  },
}
`;

exports[`ObjectSchema denormalization denormalizes an object 3`] = `
Immutable.Map {
  "user": Immutable.Map {
    "id": 1,
    "name": "Nacho",
  },
}
`;

exports[`ObjectSchema denormalization denormalizes plain object shorthand 1`] = `
Object {
  "user": Object {
    "id": 1,
    "name": "Jane",
  },
}
`;

exports[`ObjectSchema denormalization denormalizes plain object shorthand 2`] = `
Object {
  "user": Immutable.Map {
    "id": 1,
    "name": "Jane",
  },
}
`;

exports[`ObjectSchema denormalization denormalizes plain object shorthand 3`] = `
Immutable.Map {
  "user": Immutable.Map {
    "id": 1,
    "name": "Jane",
  },
}
`;

exports[`ObjectSchema normalization filters out undefined and null values 1`] = `
Object {
  "entities": Immutable.Map {
    "user": Immutable.Map {
      undefined: Object {},
      "1": Object {
        "id": "1",
      },
    },
  },
  "result": Object {
    "bar": "1",
  },
}
`;

exports[`ObjectSchema normalization normalizes an object 1`] = `
Object {
  "entities": Immutable.Map {
    "user": Immutable.Map {
      1: Object {
        "id": 1,
      },
    },
  },
  "result": Object {
    "user": 1,
  },
}
`;

exports[`ObjectSchema normalization normalizes plain objects as shorthand for ObjectSchema 1`] = `
Object {
  "entities": Immutable.Map {
    "user": Immutable.Map {
      1: Object {
        "id": 1,
      },
    },
  },
  "result": Object {
    "user": 1,
  },
}
`;
